// Jest Snapshot v1, https://goo.gl/fbAQLP

exports[`Profile Snapshot snapshot renders 1`] = `
<div
  className="BookForm-container"
  style={
    Object {
      "boxSizing": "border-box",
      "marginLeft": "auto",
      "marginRight": "auto",
      "maxWidth": 1540,
      "paddingLeft": 15,
      "paddingRight": 15,
      "position": "relative",
    }
  }
>
  <div>
    <p
      className="Title-Style"
    >
      Book Appointment
    </p>
  </div>
  <div
    style={
      Object {
        "alignItems": "normal",
        "display": "flex",
        "flexGrow": 0,
        "flexShrink": 0,
        "flexWrap": "wrap",
        "justifyContent": "flex-start",
        "marginLeft": -15,
        "marginRight": -15,
      }
    }
  >
    <div
      align="center"
      style={
        Object {
          "boxSizing": "border-box",
          "flexBasis": "100%",
          "flexGrow": 0,
          "flexShrink": 0,
          "left": "auto",
          "marginLeft": "0%",
          "maxWidth": "100%",
          "minHeight": 1,
          "paddingLeft": 15,
          "paddingRight": 15,
          "position": "relative",
          "right": "auto",
          "width": "100%",
        }
      }
    >
      <br />
      <label>
        <textarea
          className="InputReason"
          name="reason"
          onChange={[Function]}
          placeholder="Reason for Booking Appointment"
          type="text"
        />
      </label>
      <br />
      <div>
        (
        300
         Characters left)
      </div>
      <br />
      <form
        onSubmit={[Function]}
      >
        <input
          className="SubmitAppButton"
          type="submit"
          value="Submit!"
        />
      </form>
      <br />
    </div>
  </div>
  <span
    style={
      Object {
        "clear": "both",
        "display": "table",
      }
    }
  />
</div>
`;
